// Jest Snapshot v1, https://goo.gl/fbAQLP

exports[`<Button /> Should take Snapshot 1`] = `
<View
  accessibilityState={
    {
      "busy": undefined,
      "checked": undefined,
      "disabled": false,
      "expanded": undefined,
      "selected": undefined,
    }
  }
  accessibilityValue={
    {
      "max": undefined,
      "min": undefined,
      "now": undefined,
      "text": undefined,
    }
  }
  accessible={true}
  collapsable={false}
  focusable={false}
  onClick={[Function]}
  onResponderGrant={[Function]}
  onResponderMove={[Function]}
  onResponderRelease={[Function]}
  onResponderTerminate={[Function]}
  onResponderTerminationRequest={[Function]}
  onStartShouldSetResponder={[Function]}
  style={
    {
      "alignItems": "center",
      "backgroundColor": "#f2f2f2",
      "borderRadius": 4,
      "height": 40,
      "justifyContent": "center",
      "opacity": 1,
      "padding": 10,
      "width": "100%",
    }
  }
>
  <Text
    style={
      [
        {
          "fontSize": 14,
          "fontWeight": "bold",
        },
        {
          "color": "#ba1247",
        },
      ]
    }
  >
    Entrar
  </Text>
</View>
`;
