// Jest Snapshot v1, https://goo.gl/fbAQLP

exports[`<Divider /> Should take Snapshot 1`] = `
<View
  style={
    {
      "height": 16,
      "width": 0,
    }
  }
/>
`;
